ASxxxx Linker V03.00 + NoICE + sdld,  page 1.
Hexadecimal  [32-Bits]

Area                                    Addr        Size        Decimal Bytes (Attributes)
--------------------------------        ----        ----        ------- ----- ------------
.  .ABS.                            00000000    00000000 =           0. bytes (ABS,CON)

      Value  Global                              Global Defined In Module
      -----  --------------------------------   ------------------------
     00000000  .__.ABS.                           
     00000000  _g_SUBRID                          bios
     00000000  l__BSEG                         
     00000000  l__BSS                          
     00000000  l__CABS                         
     00000000  l__DABS                         
     00000000  l__GSFINAL                      
     00000000  l__GSINIT                       
     00000000  l__HEADER                       
     00000000  l__HEADER0                      
     00000000  l__HEAP                         
     00000000  l__RODATA                       
     00000000  s__CABS                         
     00000000  s__DABS                         
     00000000  s__HEADER                       
     00000000  s__HEADER0                      
     00000002  _g_STRSRC                          bios
     00000004  _g_CGTABL                          bios
     00000006  _g_VDP_DR                          bios
     00000007  _g_VDP_DW                          bios
     00000009  l__INITIALIZED                  
     00000009  l__INITIALIZER                  
     0000002B  _g_BASRVN                          bios
     0000002B  _g_ROMVersion                      bios
     0000002D  _g_MSXVER                          bios
     0000002E  _g_MSXMID                          bios
     00000034  _g_CHAR_16                         bios
     00000074  l__DATA                         
     00000221  l__HOME                         
     00002850  l__CODE                         
     00004000  s__CODE                         
     00006850  s__HOME                         
     00006A71  s__INITIALIZER                  
     00006A71  s__RODATA                       
     00006A7A  s__GSFINAL                      
     00006A7A  s__GSINIT                       
     0000C000  s__DATA                         
     0000C074  s__INITIALIZED                  
     0000C07D  s__BSEG                         
     0000C07D  s__BSS                          
     0000C07D  s__HEAP                         
     0000F30F  _g_KANJTABLE                       bios
     0000F323  _g_DISKVE                          bios
     0000F325  _g_BREAKV                          bios
     0000F341  _g_RAMAD0                          bios
     0000F342  _g_RAMAD1                          bios
     0000F343  _g_RAMAD2                          bios
     0000F344  _g_RAMAD3                          bios
     0000F348  _g_MASTER                          bios
     0000F37D  _g_BDOS                            bios
ASxxxx Linker V03.00 + NoICE + sdld,  page 2.
Hexadecimal  [32-Bits]

Area                                    Addr        Size        Decimal Bytes (Attributes)
--------------------------------        ----        ----        ------- ----- ------------
.  .ABS.                            00000000    00000000 =           0. bytes (ABS,CON)

      Value  Global                              Global Defined In Module
      -----  --------------------------------   ------------------------
     0000F380  _g_RDPRIM                          system
     0000F385  _g_WRPRIM                          system
     0000F38C  _g_CLPRIM                          system
     0000F39A  _g_USRTAB                          system
     0000F3AE  _g_LINL40                          system
     0000F3AF  _g_LINL32                          system
     0000F3B0  _g_LINLEN                          system
     0000F3B1  _g_CRTCNT                          system
     0000F3B2  _g_CLMLST                          system
     0000F3B3  _g_TXTNAM                          system
     0000F3B5  _g_TXTCOL                          system
     0000F3B7  _g_TXTCGP                          system
     0000F3B9  _g_TXTATR                          system
     0000F3BB  _g_TXTPAT                          system
     0000F3BD  _g_T32NAM                          system
     0000F3BF  _g_T32COL                          system
     0000F3C1  _g_T32CGP                          system
     0000F3C3  _g_T32ATR                          system
     0000F3C5  _g_T32PAT                          system
     0000F3C7  _g_GRPNAM                          system
     0000F3C9  _g_GRPCOL                          system
     0000F3CB  _g_GRPCGP                          system
     0000F3CD  _g_GRPATR                          system
     0000F3CF  _g_GRPPAT                          system
     0000F3D1  _g_MLTNAM                          system
     0000F3D3  _g_MLTCOL                          system
     0000F3D5  _g_MLTCGP                          system
     0000F3D7  _g_MLTATR                          system
     0000F3D9  _g_MLTPAT                          system
     0000F3DB  _g_CLIKSW                          system
     0000F3DC  _g_CSRY                            system
     0000F3DD  _g_CSRX                            system
     0000F3DE  _g_CNSDFG                          system
     0000F3DF  _g_RG0SAV                          system
     0000F3E0  _g_RG1SAV                          system
     0000F3E1  _g_RG2SAV                          system
     0000F3E2  _g_RG3SAV                          system
     0000F3E3  _g_RG4SAV                          system
     0000F3E4  _g_RG5SAV                          system
     0000F3E5  _g_RG6SAV                          system
     0000F3E6  _g_RG7SAV                          system
     0000F3E7  _g_STATFL                          system
     0000F3E8  _g_TRGFLG                          system
     0000F3E9  _g_FORCLR                          system
     0000F3EA  _g_BAKCLR                          system
     0000F3EB  _g_BDRCLR                          system
     0000F3EC  _g_MAXUPD                          system
     0000F3EF  _g_MINUPD                          system
     0000F3F2  _g_ATRBYT                          system
     0000F3F3  _g_QUEUES                          system
     0000F3F5  _g_FRCNEW                          system
ASxxxx Linker V03.00 + NoICE + sdld,  page 3.
Hexadecimal  [32-Bits]

Area                                    Addr        Size        Decimal Bytes (Attributes)
--------------------------------        ----        ----        ------- ----- ------------
.  .ABS.                            00000000    00000000 =           0. bytes (ABS,CON)

      Value  Global                              Global Defined In Module
      -----  --------------------------------   ------------------------
     0000F3F6  _g_SCNCNT                          system
     0000F3F7  _g_REPCNT                          system
     0000F3F8  _g_PUTPNT                          system
     0000F3FA  _g_GETPNT                          system
     0000F3FC  _g_CS120                           system
     0000F401  _g_CS240                           system
     0000F406  _g_LOW                             system
     0000F408  _g_HIGH                            system
     0000F40A  _g_HEADER                          system
     0000F40B  _g_ASPCT1                          system
     0000F40D  _g_ASPCT2                          system
     0000F87F  _g_FNKSTR                          system
     0000F92A  _g_CLOC                            system
     0000F92C  _g_CMASK                           system
     0000F959  _g_QUETAB                          system
     0000F971  _g_QUEBAK                          system
     0000F975  _g_VOICAQ                          system
     0000F9F5  _g_VOICBQ                          system
     0000FA75  _g_VOICCQ                          system
     0000FAF5  _g_DPPAGE                          system
     0000FAF5  _g_RS2IQ                           system
     0000FAF6  _g_ACPAGE                          system
     0000FAF7  _g_AVCSAV                          system
     0000FAF8  _g_EXBRSA                          system
     0000FAF9  _g_CHRCNT                          system
     0000FAFA  _g_ROMA                            system
     0000FAFC  _g_MODE                            system
     0000FAFD  _g_NORUSE                          system
     0000FAFE  _g_XSAVE                           system
     0000FB00  _g_YSAVE                           system
     0000FB02  _g_LOGOPR                          system
     0000FB03  _g_RSTMP                           system
     0000FB03  _g_TOCNT                           system
     0000FB04  _g_RSFCB                           system
     0000FB06  _g_RSIQLN                          system
     0000FB07  _g_MEXBIh                          system
     0000FB0C  _g_OLDINT                          system
     0000FB0C  _g_OLDSTT                          system
     0000FB16  _g_DEVNUM                          system
     0000FB17  _g_DATCNT                          system
     0000FB1A  _g_ERRORS                          system
     0000FB1B  _g_FLAGS                           system
     0000FB1C  _g_ESTBLS                          system
     0000FB1D  _g_COMMSK                          system
     0000FB1E  _g_LSTCOM                          system
     0000FB1F  _g_LSTMOD                          system
     0000FB35  _g_PRSCNT                          system
     0000FB36  _g_SAVSP                           system
     0000FB38  _g_VOICEN                          system
     0000FB39  _g_SAVVOL                          system
     0000FB3B  _g_MCLLEN                          system
ASxxxx Linker V03.00 + NoICE + sdld,  page 4.
Hexadecimal  [32-Bits]

Area                                    Addr        Size        Decimal Bytes (Attributes)
--------------------------------        ----        ----        ------- ----- ------------
.  .ABS.                            00000000    00000000 =           0. bytes (ABS,CON)

      Value  Global                              Global Defined In Module
      -----  --------------------------------   ------------------------
     0000FB3C  _g_MCLPTR                          system
     0000FB3E  _g_QUEUEN                          system
     0000FB3F  _g_MUSICF                          system
     0000FB40  _g_PLYCNT                          system
     0000FB41  _g_VCBA                            system
     0000FB66  _g_VCBB                            system
     0000FB8B  _g_VCBC                            system
     0000FBB0  _g_ENSTOP                          system
     0000FBB1  _g_BASROM                          system
     0000FBB2  _g_LINTTB                          system
     0000FBCA  _g_FSTPOS                          system
     0000FBCC  _g_CODSAV                          system
     0000FBCD  _g_FNKSWI                          system
     0000FBCE  _g_FNKFLG                          system
     0000FBD8  _g_ONGSBF                          system
     0000FBD9  _g_CLIKFL                          system
     0000FBDA  _g_OLDKEY                          system
     0000FBE5  _g_NEWKEY                          system
     0000FBF0  _g_KEYBUF                          system
     0000FC18  _g_LINWRK                          system
     0000FC40  _g_PATWRK                          system
     0000FC48  _g_BOTTOM                          system
     0000FC4A  _g_HIMEM                           system
     0000FC4C  _g_TRPTBL                          system
     0000FC9A  _g_RTYCNT                          system
     0000FC9B  _g_INTFLG                          system
     0000FC9C  _g_PADY                            system
     0000FC9D  _g_PADX                            system
     0000FC9E  _g_JIFFY                           system
     0000FCA0  _g_INTVAL                          system
     0000FCA2  _g_INTCNT                          system
     0000FCA4  _g_LOWLIM                          system
     0000FCA5  _g_WINWID                          system
     0000FCA6  _g_GRPHED                          system
     0000FCA7  _g_ESCCNT                          system
     0000FCA8  _g_INSFLG                          system
     0000FCA9  _g_CSRSW                           system
     0000FCAA  _g_CSTYLE                          system
     0000FCAB  _g_CAPST                           system
     0000FCAC  _g_KANAST                          system
     0000FCAD  _g_KANAMD                          system
     0000FCAE  _g_FLBMEM                          system
     0000FCAF  _g_SCRMOD                          system
     0000FCB0  _g_OLDSCR                          system
     0000FCB1  _g_CASPRV                          system
     0000FCB2  _g_BRDATR                          system
     0000FCB3  _g_GXPOS                           system
     0000FCB5  _g_GYPOS                           system
     0000FCB7  _g_GRPACX                          system
     0000FCB9  _g_GRPACY                          system
     0000FCBB  _g_DRWFLG                          system
ASxxxx Linker V03.00 + NoICE + sdld,  page 5.
Hexadecimal  [32-Bits]

Area                                    Addr        Size        Decimal Bytes (Attributes)
--------------------------------        ----        ----        ------- ----- ------------
.  .ABS.                            00000000    00000000 =           0. bytes (ABS,CON)

      Value  Global                              Global Defined In Module
      -----  --------------------------------   ------------------------
     0000FCBC  _g_DRWSCL                          system
     0000FCBD  _g_DRWANG                          system
     0000FCC1  _g_EXPTBL                          system
     0000FCC1  _g_MNROM                           system
     0000FCC5  _g_SLTTBL                          system
     0000FCC9  _g_SLTATR                          system
     0000FD09  _g_SLTWRK                          system
     0000FD89  _g_PROCNM                          system
     0000FFE7  _g_RG08SAV                         system
     0000FFE8  _g_RG09SAV                         system
     0000FFE9  _g_RG10SAV                         system
     0000FFEA  _g_RG11SAV                         system
     0000FFEB  _g_RG12SAV                         system
     0000FFEC  _g_RG13SAV                         system
     0000FFED  _g_RG14SAV                         system
     0000FFEE  _g_RG15SAV                         system
     0000FFEF  _g_RG16SAV                         system
     0000FFF0  _g_RG17SAV                         system
     0000FFF1  _g_RG18SAV                         system
     0000FFF2  _g_RG19SAV                         system
     0000FFF3  _g_RG20SAV                         system
     0000FFF4  _g_RG21SAV                         system
     0000FFF5  _g_RG22SAV                         system
     0000FFF6  _g_RG23SAV                         system
     0000FFF7  _g_MINROM                          system
     0000FFF8  _g_SVFFF8                          system
     0000FFFA  _g_RG25SAV                         system
     0000FFFB  _g_RG26SAV                         system
     0000FFFC  _g_RG27SAV                         system
     0000FFFD  _g_SVFFFD                          system
     0000FFFF  _g_SLTSL                           system
ASxxxx Linker V03.00 + NoICE + sdld,  page 6.
Hexadecimal  [32-Bits]

Area                                    Addr        Size        Decimal Bytes (Attributes)
--------------------------------        ----        ----        ------- ----- ------------
_CODE                               00004000    00002850 =       10320. bytes (REL,CON)

      Value  Global                              Global Defined In Module
      -----  --------------------------------   ------------------------
     00004000  _g_FirstAddr                       crt0
     00004000  _g_HeaderAddr                      crt0
     00004010  _g_AppSignature                    crt0
     00004052  _displayLevel                      Room5
     000041FC  _g_Tiles_Patterns                  Room5
     000049FC  _g_Tiles_Colors                    Room5
     00004A1C  _g_SprtPlayerSprt                  Room5
     00004B9C  _g_Level001                        Room5
     00004C2C  _g_Level002                        Room5
     00004D1C  _g_ChrAnim                         Room5
     00004D20  _g_Rooms                           Room5
     00004D40  _getTile                           Room5
     00004D81  _interact                          Room5
     00004E6B  _checkCollision                    Room5
     00004E76  _main                              Room5
     0000506A  _VDP_SetModeFlag                   vdp
     00005093  _VDP_SetModeText1                  vdp
     000050A4  _VDP_SetModeMultiColor             vdp
     000050C1  _VDP_SetModeGraphic1               vdp
     000050E3  _VDP_SetModeGraphic2               vdp
     00005106  _VDP_ClearVRAM                     vdp
     00005112  _VDP_WriteVRAM_16K                 vdp
     00005143  _VDP_FillVRAM_16K                  vdp
     00005161  _VDP_ReadVRAM_16K                  vdp
     00005190  _VDP_Peek_16K                      vdp
     0000519E  _VDP_Poke_16K                      vdp
     000051B0  _VDP_Initialize                    vdp
     000051C1  _VDP_SetMode                       vdp
     0000520D  _VDP_GetVersion                    vdp
     00005255  _VDP_RegWrite                      vdp
     00005261  _VDP_RegWriteBak                   vdp
     00005274  _VDP_RegWriteBakMask               vdp
     00005293  _VDP_ReadDefaultStatus             vdp
     00005296  _VDP_SetLayoutTable                vdp
     000052A6  _VDP_SetColorTable                 vdp
     000052D3  _VDP_SetPatternTable               vdp
     000052F0  _VDP_SetSpriteAttributeTable       vdp
     00005321  _VDP_SetSpritePatternTable         vdp
     00005332  _VDP_LoadSpritePattern             vdp
     00005360  _VDP_SetSpriteSM1                  vdp
     000053A2  _VDP_SetSprite                     vdp
     000053DC  _VDP_SetSpritePosition             vdp
     0000540F  _VDP_SetSpritePositionX            vdp
     00005421  _VDP_SetSpritePositionY            vdp
     00005432  _VDP_SetSpritePattern              vdp
     00005445  _VDP_SetSpriteColorSM1             vdp
     00005459  _VDP_DisableSpritesFrom            vdp
     00005460  _VDP_LoadPattern_GM2               vdp
     000054B4  _VDP_LoadColor_GM2                 vdp
     00005508  _VDP_WriteLayout_GM2               vdp
ASxxxx Linker V03.00 + NoICE + sdld,  page 7.
Hexadecimal  [32-Bits]

Area                                    Addr        Size        Decimal Bytes (Attributes)
--------------------------------        ----        ----        ------- ----- ------------
_CODE                               00004000    00002850 =       10320. bytes (REL,CON)

      Value  Global                              Global Defined In Module
      -----  --------------------------------   ------------------------
     0000555E  _VDP_FillLayout_GM2                vdp
     0000559F  _Print_Initialize                  print
     000055EE  _g_HexChar                         print
     000055FE  _Print_SetMode                     print
     00005614  _Print_SetFont                     print
     000056EE  _Print_SetColor                    print
     0000576F  _Print_SetColorShade               print
     000057E3  _Print_ValidateChar                print
     0000582B  _Print_ValidatePattern             print
     00005912  _CopyNo8HeightFontData             print
     00005960  _Print_SetTextFont                 print
     00005C85  _DrawChar_Layout                   print
     00005CC9  _Print_Clear                       print
     00005CDD  _Print_Backspace                   print
     00005D0D  _Print_DrawChar                    print
     00005D43  _Print_DrawCharX                   print
     00005D54  _Print_DrawText                    print
     00005D90  _Print_DrawBin8                    print
     00005DB1  _Print_DrawHex8                    print
     00005DD7  _Print_DrawHex16                   print
     00005DE2  _Print_DrawHex32                   print
     00005DED  _Print_DrawInt                     print
     00005EBB  _Print_DrawFormat                  print
     000063FE  _Print_DrawLineH                   print
     0000641D  _Print_DrawLineV                   print
     0000644F  _Print_DrawBox                     print
     000064EC  _Bios_Exit                         bios
     000064F4  _Bios_SetHookCallback              bios
     00006513  _Bios_InterSlotRead                bios
     00006519  _Bios_InterSlotWrite               bios
     0000652E  _Bios_InterSlotCall                bios
     00006540  _Bios_SwitchSlot                   bios
     0000654B  _Bios_WriteVDP                     bios
     00006551  _Bios_WriteVRAM                    bios
     00006560  _Bios_FillVRAM                     bios
     00006571  _Bios_TransfertVRAMtoRAM           bios
     00006583  _Bios_TransfertRAMtoVRAM           bios
     00006595  _Bios_ChangeColor                  bios
     000065AE  _Bios_InitScreen0Ex                bios
     000065DE  _Bios_InitScreen1Ex                bios
     00006626  _Bios_InitScreen2Ex                bios
     0000666E  _Bios_InitScreen3Ex                bios
     000066B6  _Bios_GetPatternTableAddress       bios
     000066BB  _Bios_GetAttributeTableAddress     bios
     000066C0  _Bios_GraphPrintCharEx             bios
     000066E7  _Bios_WritePSG                     bios
     000066EC  _Bios_ClearScreen                  bios
     000066F1  _Bios_SetCursorPosition            bios
     000066F6  ___sdcc_call_hl                    
     000066F7  _Joystick_Read                     input
     0000670C  _Keyboard_Read                     input
ASxxxx Linker V03.00 + NoICE + sdld,  page 8.
Hexadecimal  [32-Bits]

Area                                    Addr        Size        Decimal Bytes (Attributes)
--------------------------------        ----        ----        ------- ----- ------------
_CODE                               00004000    00002850 =       10320. bytes (REL,CON)

      Value  Global                              Global Defined In Module
      -----  --------------------------------   ------------------------
     00006717  _Keyboard_IsKeyPressed             input
     00006741  _Sys_GetPageSlot                   system
     00006792  _Sys_SetPageSlot                   system
     00006793  _Sys_SetPage0Slot                  system
     000067D9  _Sys_CheckSlot                     system
     00006839  __mulint                           
     0000683B  __mul16                            
ASxxxx Linker V03.00 + NoICE + sdld,  page 9.
Hexadecimal  [32-Bits]

Area                                    Addr        Size        Decimal Bytes (Attributes)
--------------------------------        ----        ----        ------- ----- ------------
_HOME                               00006850    00000221 =         545. bytes (REL,CON)

      Value  Global                              Global Defined In Module
      -----  --------------------------------   ------------------------
     00006850  __modslong                         _modslong
     000068D8  __modulong                         _modulong
     00006967  __divslong                         _divslong
     000069F7  __divulong                         _divulong

ASxxxx Linker V03.00 + NoICE + sdld,  page 10.
Hexadecimal  [32-Bits]

Area                                    Addr        Size        Decimal Bytes (Attributes)
--------------------------------        ----        ----        ------- ----- ------------
_INITIALIZER                        00006A71    00000009 =           9. bytes (REL,CON)

      Value  Global                              Global Defined In Module
      -----  --------------------------------   ------------------------
ASxxxx Linker V03.00 + NoICE + sdld,  page 11.
Hexadecimal  [32-Bits]

Area                                    Addr        Size        Decimal Bytes (Attributes)
--------------------------------        ----        ----        ------- ----- ------------
_GSFINAL                            00006A7A    00000000 =           0. bytes (REL,CON)

      Value  Global                              Global Defined In Module
      -----  --------------------------------   ------------------------
     00006A7A  _g_LastAddr                        crt0

ASxxxx Linker V03.00 + NoICE + sdld,  page 12.
Hexadecimal  [32-Bits]

Area                                    Addr        Size        Decimal Bytes (Attributes)
--------------------------------        ----        ----        ------- ----- ------------
_DATA                               0000C000    00000074 =         116. bytes (REL,CON)

      Value  Global                              Global Defined In Module
      -----  --------------------------------   ------------------------
     0000C000  _g_HeapStartAddress                crt0
     0000C002  _g_CurrRoomIdx                     Room5
     0000C003  _g_CurrentLightOn                  Room5
     0000C004  _g_Player                          Room5
     0000C006  _g_VDP_REGSAV                      vdp
     0000C022  _g_VDP_Data                        vdp
     0000C024  _g_VDP_Command                     vdp
     0000C033  _g_VDP_Sprite                      vdp
     0000C037  _g_ScreenLayoutLow                 vdp
     0000C039  _g_ScreenColorLow                  vdp
     0000C03B  _g_ScreenPatternLow                vdp
     0000C03D  _g_SpriteAttributeLow              vdp
     0000C03F  _g_SpritePatternLow                vdp
     0000C041  _g_SpriteColorLow                  vdp
     0000C043  _g_PrintData                       print
ASxxxx Linker V03.00 + NoICE + sdld,  page 13.
Hexadecimal  [32-Bits]

Area                                    Addr        Size        Decimal Bytes (Attributes)
--------------------------------        ----        ----        ------- ----- ------------
_INITIALIZED                        0000C074    00000009 =           9. bytes (REL,CON)

      Value  Global                              Global Defined In Module
      -----  --------------------------------   ------------------------
     0000C074  _g_VDPInitilized                   vdp
     0000C075  _g_PrintInvalid                    print

ASxxxx Linker V03.00 + NoICE + sdld,  page 14.

Files Linked                              [ module(s) ]

C:\Users\socia\Documents\www\MO5\msx-project\room5/out/crt0_rom32.rel
                                          [ crt0 ]
C:\Users\socia\Documents\www\MO5\msx-project\room5/out/Room5.rel
                                          [ Room5 ]


Libraries Linked                          [ object file ]

C:\Users\socia\Documents\www\MO5\msx-project\room5/out/msxgl.lib
                                          [ vdp.rel ]
C:\Users\socia\Documents\www\MO5\msx-project\room5/out/msxgl.lib
                                          [ print.rel ]
C:\Users\socia\Documents\www\MO5\msx-project\MSXgl\tools/sdcc/lib/z80/z80.lib
                                          [ _modslong.rel ]
C:\Users\socia\Documents\www\MO5\msx-project\MSXgl\tools/sdcc/lib/z80/z80.lib
                                          [ _modulong.rel ]
C:\Users\socia\Documents\www\MO5\msx-project\MSXgl\tools/sdcc/lib/z80/z80.lib
                                          [ _divslong.rel ]
C:\Users\socia\Documents\www\MO5\msx-project\room5/out/msxgl.lib
                                          [ bios.rel ]
C:\Users\socia\Documents\www\MO5\msx-project\MSXgl\tools/sdcc/lib/z80/z80.lib
                                          [ _divulong.rel ]
C:\Users\socia\Documents\www\MO5\msx-project\MSXgl\tools/sdcc/lib/z80/z80.lib
                                          [ __sdcc_call_hl.rel ]
C:\Users\socia\Documents\www\MO5\msx-project\room5/out/msxgl.lib
                                          [ input.rel ]
C:\Users\socia\Documents\www\MO5\msx-project\room5/out/msxgl.lib
                                          [ system.rel ]
C:\Users\socia\Documents\www\MO5\msx-project\MSXgl\tools/sdcc/lib/z80/z80.lib
                                          [ mul.rel ]

ASxxxx Linker V03.00 + NoICE + sdld,  page 15.

User Base Address Definitions

_CODE = 0x4000
_DATA = 0xc000

